2026-03-29 12:30:09,122 [INFO] Activator:176 - 


2026-03-29 12:30:09,124 [INFO] Activator:177 - !SESSION log4j initialized
2026-03-29 12:30:12,450 [INFO] LogOutputStream:77 - [STDOUT_REDIRECT] 
2026-03-29 12:30:14,017 [ERROR] LogOutputStream:75 - [STDERR_REDIRECT] 
2026-03-29 12:30:16,944 [INFO] ApplicationProperties:184 - Using Application install path: /Applications/STM32CubeIDE.app/Contents/Eclipse/plugins/com.st.stm32cube.common.mx_6.15.0.202507011659
2026-03-29 12:30:16,966 [INFO] DbMcusXml:78 - Set database path to: /Applications/STM32CubeIDE.app/Contents/Eclipse/plugins/com.st.stm32cube.common.mx_6.15.0.202507011659//db//mcu/
2026-03-29 12:30:16,966 [INFO] ApiDb:274 - Set plugin database path to: /Applications/STM32CubeIDE.app/Contents/Eclipse/plugins/com.st.stm32cube.common.mx_6.15.0.202507011659//db//plugins/boardmanager/
2026-03-29 12:30:16,976 [WARN] ApiDb:259 - Overriding images path with different value:  => /Applications/STM32CubeIDE.app/Contents/Eclipse/plugins/com.st.stm32cube.common.mx_6.15.0.202507011659//db//plugins/mcufinder/images/
2026-03-29 12:30:16,983 [INFO] ApiDb:250 - Set database path to: /Users/ryanfontanez/.stmcufinder/plugins/mcufinder//mcu/
2026-03-29 12:30:16,984 [INFO] DbMcusAds:125 - Set database path to: /Users/ryanfontanez/.stmcufinder/plugins/mcufinder//mcu/
2026-03-29 12:30:16,986 [INFO] CrossReferenceDbSqlite:203 - Set database path to: /Users/ryanfontanez/.stmcufinder/plugins/mcufinder//mcu/cs/
2026-03-29 12:30:17,138 [INFO] RulesReader:64 - Compatibility file has been processed (317 Rules)
2026-03-29 12:30:17,202 [INFO] DbMcusXml:78 - Set database path to: /Applications/STM32CubeIDE.app/Contents/Eclipse/plugins/com.st.stm32cube.common.mx_6.15.0.202507011659//db//mcu/
2026-03-29 12:30:17,202 [INFO] ApiDb:274 - Set plugin database path to: /Applications/STM32CubeIDE.app/Contents/Eclipse/plugins/com.st.stm32cube.common.mx_6.15.0.202507011659//db//plugins/boardmanager/
2026-03-29 12:30:17,202 [INFO] ApiDb:261 - Set plugin images path to: /Applications/STM32CubeIDE.app/Contents/Eclipse/plugins/com.st.stm32cube.common.mx_6.15.0.202507011659//db//plugins/mcufinder/images/
2026-03-29 12:30:17,203 [WARN] DbFile:41 - Overriding database path with different value: /Users/ryanfontanez/.stmcufinder/plugins/mcufinder/ => /Users/ryanfontanez/.stmcufinder/plugins/mcufinder
2026-03-29 12:30:17,203 [INFO] ApiDb:250 - Set database path to: /Users/ryanfontanez/.stmcufinder/plugins/mcufinder//mcu/
2026-03-29 12:30:17,203 [WARN] DbFile:41 - Overriding database path with different value: /Users/ryanfontanez/.stmcufinder/plugins/mcufinder/ => /Users/ryanfontanez/.stmcufinder/plugins/mcufinder
2026-03-29 12:30:17,203 [INFO] DbMcusAds:125 - Set database path to: /Users/ryanfontanez/.stmcufinder/plugins/mcufinder//mcu/
2026-03-29 12:30:17,203 [WARN] DbFile:41 - Overriding database path with different value: /Users/ryanfontanez/.stmcufinder/plugins/mcufinder/ => /Users/ryanfontanez/.stmcufinder/plugins/mcufinder
2026-03-29 12:30:17,203 [WARN] DbFile:41 - Overriding database path with different value: /Users/ryanfontanez/.stmcufinder/plugins/mcufinder/ => /Users/ryanfontanez/.stmcufinder/plugins/mcufinder
2026-03-29 12:30:17,204 [INFO] CrossReferenceDbSqlite:203 - Set database path to: /Users/ryanfontanez/.stmcufinder/plugins/mcufinder//mcu/cs/
2026-03-29 12:30:17,289 [INFO] MainPanel:274 - HeapMemory: 344981504
2026-03-29 12:30:18,000 [INFO] DbMcusXml:78 - Set database path to: /Applications/STM32CubeIDE.app/Contents/Eclipse/plugins/com.st.stm32cube.common.mx_6.15.0.202507011659//db//mcu/
2026-03-29 12:30:18,000 [INFO] ApiDb:274 - Set plugin database path to: /Applications/STM32CubeIDE.app/Contents/Eclipse/plugins/com.st.stm32cube.common.mx_6.15.0.202507011659//db//plugins/boardmanager/
2026-03-29 12:30:18,001 [INFO] ApiDb:261 - Set plugin images path to: /Applications/STM32CubeIDE.app/Contents/Eclipse/plugins/com.st.stm32cube.common.mx_6.15.0.202507011659//db//plugins/mcufinder/images/
2026-03-29 12:30:18,001 [WARN] DbFile:41 - Overriding database path with different value: /Users/ryanfontanez/.stmcufinder/plugins/mcufinder/ => /Users/ryanfontanez/.stmcufinder/plugins/mcufinder
2026-03-29 12:30:18,001 [INFO] ApiDb:250 - Set database path to: /Users/ryanfontanez/.stmcufinder/plugins/mcufinder//mcu/
2026-03-29 12:30:18,001 [WARN] DbFile:41 - Overriding database path with different value: /Users/ryanfontanez/.stmcufinder/plugins/mcufinder/ => /Users/ryanfontanez/.stmcufinder/plugins/mcufinder
2026-03-29 12:30:18,002 [INFO] DbMcusAds:125 - Set database path to: /Users/ryanfontanez/.stmcufinder/plugins/mcufinder//mcu/
2026-03-29 12:30:18,002 [WARN] DbFile:41 - Overriding database path with different value: /Users/ryanfontanez/.stmcufinder/plugins/mcufinder/ => /Users/ryanfontanez/.stmcufinder/plugins/mcufinder
2026-03-29 12:30:18,002 [WARN] DbFile:41 - Overriding database path with different value: /Users/ryanfontanez/.stmcufinder/plugins/mcufinder/ => /Users/ryanfontanez/.stmcufinder/plugins/mcufinder
2026-03-29 12:30:18,002 [INFO] CrossReferenceDbSqlite:203 - Set database path to: /Users/ryanfontanez/.stmcufinder/plugins/mcufinder//mcu/cs/
2026-03-29 12:30:18,040 [INFO] ApplicationProperties:184 - Using Application install path: /Applications/STM32CubeIDE.app/Contents/Eclipse/plugins/com.st.stm32cube.common.mx_6.15.0.202507011659
2026-03-29 12:30:18,043 [INFO] PluginManage:196 - Search for loadable plugins [exclusion list=, ]
2026-03-29 12:30:18,046 [INFO] PluginManage:310 - Check plugin analytics
2026-03-29 12:30:18,324 [INFO] AnalyticsPlugin:253 - Accepted Software Licenses: 
2026-03-29 12:30:18,325 [INFO] AnalyticsPlugin:255 - Accepted CMSIS Pack Licenses: 
2026-03-29 12:30:18,325 [INFO] AnalyticsPlugin:257 - Accepted Firmware Licenses: 
2026-03-29 12:30:18,342 [INFO] PluginManage:359 - Loaded plugin analytics (category:tool,tabindex:-1)
2026-03-29 12:30:18,343 [INFO] PluginManage:310 - Check plugin cadmodel
2026-03-29 12:30:18,353 [INFO] CADModel:105 - Init CAD model plugin
2026-03-29 12:30:18,353 [INFO] PluginManage:359 - Loaded plugin cadmodel (category:power,tabindex:5)
2026-03-29 12:30:18,353 [INFO] PluginManage:310 - Check plugin clock
2026-03-29 12:30:18,365 [INFO] PluginManage:359 - Loaded plugin clock (category:base,tabindex:2)
2026-03-29 12:30:18,365 [INFO] PluginManage:310 - Check plugin ddr
2026-03-29 12:30:18,367 [INFO] PluginManage:359 - Loaded plugin ddr (category:tool,tabindex:6)
2026-03-29 12:30:18,367 [INFO] PluginManage:310 - Check plugin filemanager
2026-03-29 12:30:18,971 [INFO] PluginManage:359 - Loaded plugin filemanager (category:base,tabindex:10)
2026-03-29 12:30:18,978 [INFO] PluginManage:310 - Check plugin ipmanager
2026-03-29 12:30:19,043 [INFO] PluginManage:359 - Loaded plugin ipmanager (category:base,tabindex:5)
2026-03-29 12:30:19,045 [INFO] PluginManage:310 - Check plugin lpbam
2026-03-29 12:30:19,072 [INFO] PluginManage:359 - Loaded plugin lpbam (category:base,tabindex:0)
2026-03-29 12:30:19,073 [INFO] PluginManage:310 - Check plugin memorymap
2026-03-29 12:30:19,089 [INFO] PluginManage:359 - Loaded plugin memorymap (category:base,tabindex:4)
2026-03-29 12:30:19,089 [INFO] PluginManage:310 - Check plugin pinoutandconfiguration
2026-03-29 12:30:19,097 [INFO] PluginManage:359 - Loaded plugin pinoutandconfiguration (category:base,tabindex:1)
2026-03-29 12:30:19,097 [INFO] PluginManage:310 - Check plugin pinoutconfig
2026-03-29 12:30:19,210 [WARN] SupportedApi:132 - Cannot load RTOS API schema: s4s-elt-must-match.1: The content of 'definitions' must match (annotation?, (simpleType | complexType)?, (unique | key | keyref)*)). A problem was found starting at: attribute.
2026-03-29 12:30:19,420 [INFO] PluginManage:359 - Loaded plugin pinoutconfig (category:base,tabindex:0)
2026-03-29 12:30:19,420 [INFO] PluginManage:310 - Check plugin power
2026-03-29 12:30:19,436 [INFO] PluginManage:359 - Loaded plugin power (category:power,tabindex:4)
2026-03-29 12:30:19,436 [INFO] PluginManage:310 - Check plugin projectmanager
2026-03-29 12:30:19,470 [INFO] PluginManage:359 - Loaded plugin projectmanager (category:projectmanager,tabindex:4)
2026-03-29 12:30:19,470 [INFO] PluginManage:310 - Check plugin rif
2026-03-29 12:30:19,478 [INFO] PluginManage:359 - Loaded plugin rif (category:base,tabindex:3)
2026-03-29 12:30:19,478 [INFO] PluginManage:310 - Check plugin thirdparty
2026-03-29 12:30:19,725 [INFO] PluginManage:359 - Loaded plugin thirdparty (category:base,tabindex:-1)
2026-03-29 12:30:19,725 [INFO] PluginManage:310 - Check plugin tools
2026-03-29 12:30:19,731 [INFO] PluginManage:359 - Loaded plugin tools (category:base,tabindex:7)
2026-03-29 12:30:19,725 [WARN] IntegrityCheckThread:84 - waiting for thirdparty lock release [integrity check]
2026-03-29 12:30:19,731 [INFO] PluginManage:310 - Check plugin tutovideos
2026-03-29 12:30:19,731 [INFO] IntegrityCheckThread:86 - entering critical section [integrity check]
2026-03-29 12:30:19,733 [INFO] ThirdPartyUpdaterWithRetryManager:70 - Updater plugin not ready yet. [1/15]
2026-03-29 12:30:19,939 [INFO] PluginManage:359 - Loaded plugin tutovideos (category:base,tabindex:-1)
2026-03-29 12:30:19,939 [INFO] PluginManage:310 - Check plugin updater
2026-03-29 12:30:19,971 [INFO] PluginManage:359 - Loaded plugin updater (category:base,tabindex:12)
2026-03-29 12:30:19,971 [INFO] PluginManage:310 - Check plugin userauth
2026-03-29 12:30:19,975 [INFO] UserAuth:118 - Init User Auth plugin
2026-03-29 12:30:19,977 [INFO] PluginManage:359 - Loaded plugin userauth (category:base,tabindex:14)
2026-03-29 12:30:19,979 [INFO] PluginManage:283 - PluginManage : Loaded plugins [18]
2026-03-29 12:30:20,246 [INFO] PinOutPanel:1589 - setPackage(No Configuration,No Configuration)
2026-03-29 12:30:20,348 [INFO] CADModel:165 - CPN selected for project level
2026-03-29 12:30:20,348 [INFO] CADModel:114 - Register for checkConnection events
2026-03-29 12:30:20,361 [INFO] IPUIPlugin:80 - create IPUIPlugin
2026-03-29 12:30:20,362 [INFO] PluginManager:220 - loadIPPluginJar : add mdma
2026-03-29 12:30:20,369 [INFO] IPUIPlugin:80 - create IPUIPlugin
2026-03-29 12:30:20,369 [INFO] PluginManager:220 - loadIPPluginJar : add freertos
2026-03-29 12:30:20,373 [INFO] IPUIPlugin:80 - create IPUIPlugin
2026-03-29 12:30:20,373 [INFO] PluginManager:220 - loadIPPluginJar : add gic
2026-03-29 12:30:20,383 [INFO] IPUIPlugin:80 - create IPUIPlugin
2026-03-29 12:30:20,384 [INFO] PluginManager:220 - loadIPPluginJar : add adc
2026-03-29 12:30:20,386 [INFO] IPUIPlugin:80 - create IPUIPlugin
2026-03-29 12:30:20,386 [INFO] PluginManager:220 - loadIPPluginJar : add gtzc
2026-03-29 12:30:20,387 [INFO] IPUIPlugin:80 - create IPUIPlugin
2026-03-29 12:30:20,387 [INFO] PluginManager:220 - loadIPPluginJar : add quadspi
2026-03-29 12:30:20,388 [INFO] IPUIPlugin:80 - create IPUIPlugin
2026-03-29 12:30:20,388 [INFO] PluginManager:220 - loadIPPluginJar : add aes
2026-03-29 12:30:20,392 [INFO] IPUIPlugin:80 - create IPUIPlugin
2026-03-29 12:30:20,392 [INFO] PluginManager:220 - loadIPPluginJar : add pdm2pcm
2026-03-29 12:30:20,394 [INFO] IPUIPlugin:80 - create IPUIPlugin
2026-03-29 12:30:20,394 [INFO] PluginManager:220 - loadIPPluginJar : add hash
2026-03-29 12:30:20,396 [INFO] IPUIPlugin:80 - create IPUIPlugin
2026-03-29 12:30:20,396 [INFO] PluginManager:220 - loadIPPluginJar : add tim
2026-03-29 12:30:20,397 [INFO] IPUIPlugin:80 - create IPUIPlugin
2026-03-29 12:30:20,397 [INFO] PluginManager:220 - loadIPPluginJar : add tsc
2026-03-29 12:30:20,400 [INFO] IPUIPlugin:80 - create IPUIPlugin
2026-03-29 12:30:20,400 [INFO] PluginManager:220 - loadIPPluginJar : add extmemmanager
2026-03-29 12:30:20,402 [INFO] IPUIPlugin:80 - create IPUIPlugin
2026-03-29 12:30:20,402 [INFO] PluginManager:220 - loadIPPluginJar : add ts
2026-03-29 12:30:20,403 [INFO] IPUIPlugin:80 - create IPUIPlugin
2026-03-29 12:30:20,403 [INFO] PluginManager:220 - loadIPPluginJar : add radio
2026-03-29 12:30:20,405 [INFO] IPUIPlugin:80 - create IPUIPlugin
2026-03-29 12:30:20,405 [INFO] PluginManager:220 - loadIPPluginJar : add can
2026-03-29 12:30:20,406 [INFO] IPUIPlugin:80 - create IPUIPlugin
2026-03-29 12:30:20,406 [INFO] PluginManager:220 - loadIPPluginJar : add dma3
2026-03-29 12:30:20,408 [INFO] IPUIPlugin:80 - create IPUIPlugin
2026-03-29 12:30:20,408 [INFO] PluginManager:220 - loadIPPluginJar : add dfsdm
2026-03-29 12:30:20,410 [INFO] IPUIPlugin:80 - create IPUIPlugin
2026-03-29 12:30:20,411 [INFO] PluginManager:220 - loadIPPluginJar : add spi
2026-03-29 12:30:20,412 [INFO] IPUIPlugin:80 - create IPUIPlugin
2026-03-29 12:30:20,413 [INFO] PluginManager:220 - loadIPPluginJar : add gfxmmu
2026-03-29 12:30:20,415 [INFO] IPUIPlugin:80 - create IPUIPlugin
2026-03-29 12:30:20,415 [INFO] PluginManager:220 - loadIPPluginJar : add genericplugin
2026-03-29 12:30:20,418 [INFO] IPUIPlugin:80 - create IPUIPlugin
2026-03-29 12:30:20,418 [INFO] PluginManager:220 - loadIPPluginJar : add cryp
2026-03-29 12:30:20,421 [INFO] IPUIPlugin:80 - create IPUIPlugin
2026-03-29 12:30:20,421 [INFO] PluginManager:220 - loadIPPluginJar : add gpio
2026-03-29 12:30:20,423 [INFO] IPUIPlugin:80 - create IPUIPlugin
2026-03-29 12:30:20,424 [INFO] PluginManager:220 - loadIPPluginJar : add ddr_ctrl_phy
2026-03-29 12:30:20,425 [INFO] IPUIPlugin:80 - create IPUIPlugin
2026-03-29 12:30:20,425 [INFO] PluginManager:220 - loadIPPluginJar : add comp
2026-03-29 12:30:20,428 [INFO] IPUIPlugin:80 - create IPUIPlugin
2026-03-29 12:30:20,429 [INFO] PluginManager:220 - loadIPPluginJar : add tracer_emb
2026-03-29 12:30:20,431 [INFO] IPUIPlugin:80 - create IPUIPlugin
2026-03-29 12:30:20,431 [INFO] PluginManager:220 - loadIPPluginJar : add openamp
2026-03-29 12:30:20,435 [INFO] IPUIPlugin:80 - create IPUIPlugin
2026-03-29 12:30:20,435 [INFO] PluginManager:220 - loadIPPluginJar : add stm32_wpan
2026-03-29 12:30:20,439 [INFO] IPUIPlugin:80 - create IPUIPlugin
2026-03-29 12:30:20,442 [INFO] PluginManager:220 - loadIPPluginJar : add plateformsettings
2026-03-29 12:30:20,445 [INFO] IPUIPlugin:80 - create IPUIPlugin
2026-03-29 12:30:20,445 [INFO] PluginManager:220 - loadIPPluginJar : add ipddr
2026-03-29 12:30:20,448 [INFO] IPUIPlugin:80 - create IPUIPlugin
2026-03-29 12:30:20,448 [INFO] PluginManager:220 - loadIPPluginJar : add usart
2026-03-29 12:30:20,449 [INFO] IPUIPlugin:80 - create IPUIPlugin
2026-03-29 12:30:20,449 [INFO] PluginManager:220 - loadIPPluginJar : add ltdc
2026-03-29 12:30:20,453 [INFO] IPUIPlugin:80 - create IPUIPlugin
2026-03-29 12:30:20,453 [INFO] PluginManager:220 - loadIPPluginJar : add nvic
2026-03-29 12:30:20,455 [INFO] IPUIPlugin:80 - create IPUIPlugin
2026-03-29 12:30:20,455 [INFO] PluginManager:220 - loadIPPluginJar : add fatfs
2026-03-29 12:30:20,462 [INFO] IPUIPlugin:80 - create IPUIPlugin
2026-03-29 12:30:20,462 [INFO] PluginManager:220 - loadIPPluginJar : add linkedlist
2026-03-29 12:30:20,467 [INFO] IPUIPlugin:80 - create IPUIPlugin
2026-03-29 12:30:20,468 [INFO] PluginManager:220 - loadIPPluginJar : add dma
2026-03-29 12:30:20,470 [INFO] IPUIPlugin:80 - create IPUIPlugin
2026-03-29 12:30:20,470 [INFO] PluginManager:220 - loadIPPluginJar : add fmc
2026-03-29 12:30:20,472 [INFO] IPUIPlugin:80 - create IPUIPlugin
2026-03-29 12:30:20,472 [INFO] PluginManager:220 - loadIPPluginJar : add i2s
2026-03-29 12:30:20,473 [INFO] IPUIPlugin:80 - create IPUIPlugin
2026-03-29 12:30:20,473 [INFO] PluginManager:220 - loadIPPluginJar : add ucpd
2026-03-29 12:30:20,474 [INFO] IPUIPlugin:80 - create IPUIPlugin
2026-03-29 12:30:20,475 [INFO] PluginManager:220 - loadIPPluginJar : add lorawan
2026-03-29 12:30:20,477 [INFO] IPUIPlugin:80 - create IPUIPlugin
2026-03-29 12:30:20,477 [INFO] PluginManager:220 - loadIPPluginJar : add opamp
2026-03-29 12:30:20,480 [INFO] IPUIPlugin:80 - create IPUIPlugin
2026-03-29 12:30:20,480 [INFO] PluginManager:220 - loadIPPluginJar : add i3c
2026-03-29 12:30:20,481 [INFO] IPUIPlugin:80 - create IPUIPlugin
2026-03-29 12:30:20,482 [INFO] PluginManager:220 - loadIPPluginJar : add touchsensing
2026-03-29 12:30:20,484 [INFO] IPUIPlugin:80 - create IPUIPlugin
2026-03-29 12:30:20,484 [INFO] PluginManager:220 - loadIPPluginJar : add i2c
2026-03-29 12:30:20,488 [INFO] IPUIPlugin:80 - create IPUIPlugin
2026-03-29 12:30:20,488 [INFO] PluginManager:220 - loadIPPluginJar : add resmgrutility
2026-03-29 12:30:20,491 [INFO] IPUIPlugin:80 - create IPUIPlugin
2026-03-29 12:30:20,491 [INFO] PluginManager:220 - loadIPPluginJar : add sai
2026-03-29 12:30:20,492 [INFO] IPUIPlugin:80 - create IPUIPlugin
2026-03-29 12:30:20,492 [INFO] PluginManager:220 - loadIPPluginJar : add usbx
2026-03-29 12:30:20,617 [FATAL] Updater:351 - Updater called before beeing initialized
2026-03-29 12:30:20,674 [INFO] RulesReader:64 - Compatibility file has been processed (317 Rules)
2026-03-29 12:30:20,688 [INFO] RulesReader:64 - Compatibility file has been processed (317 Rules)
2026-03-29 12:30:20,697 [INFO] CADModel:165 - CPN selected for project level
2026-03-29 12:30:20,697 [INFO] CADModel:114 - Register for checkConnection events
2026-03-29 12:30:20,697 [FATAL] Updater:351 - Updater called before beeing initialized
2026-03-29 12:30:20,697 [ERROR] CADModel:125 - Updater not yet initialized, retry later 
2026-03-29 12:30:20,946 [FATAL] Updater:351 - Updater called before beeing initialized
2026-03-29 12:30:20,949 [INFO] CADModel:165 - CPN selected for project level
2026-03-29 12:30:20,950 [INFO] CADModel:114 - Register for checkConnection events
2026-03-29 12:30:20,950 [FATAL] Updater:351 - Updater called before beeing initialized
2026-03-29 12:30:20,951 [ERROR] CADModel:125 - Updater not yet initialized, retry later 
2026-03-29 12:30:20,956 [FATAL] Updater:351 - Updater called before beeing initialized
2026-03-29 12:30:21,299 [FATAL] Updater:351 - Updater called before beeing initialized
2026-03-29 12:30:21,308 [INFO] DbMcusAds:53 - JSON generation date=Wed Feb 18 09:32:49 EST 2026 (1771425169371)
2026-03-29 12:30:21,309 [FATAL] Updater:351 - Updater called before beeing initialized
2026-03-29 12:30:21,807 [WARN] DetailPanel:346 - Failed to get advertising image, set to default
2026-03-29 12:30:21,898 [FATAL] Updater:351 - Updater called before beeing initialized
2026-03-29 12:30:21,901 [FATAL] Updater:351 - Updater called before beeing initialized
2026-03-29 12:30:21,902 [FATAL] Updater:351 - Updater called before beeing initialized
2026-03-29 12:30:21,902 [WARN] DetailPanel:346 - Failed to get advertising image, set to default
2026-03-29 12:30:21,904 [FATAL] Updater:351 - Updater called before beeing initialized
2026-03-29 12:30:21,975 [ERROR] Updater:1198 - MainUpdater not yet initialized. External WinMGr cannot be set.
2026-03-29 12:30:21,985 [INFO] Updater:1134 - Updater Version found : 6.15.0
2026-03-29 12:30:22,002 [INFO] ApplicationProperties:184 - Using Application install path: /Applications/STM32CubeIDE.app/Contents/Eclipse/plugins/com.st.stm32cube.common.mx_6.15.0.202507011659
2026-03-29 12:30:22,577 [INFO] MainUpdater:2872 - connection check result : 10
2026-03-29 12:30:22,577 [INFO] MainUpdater:3604 - Updater definition file requires update
2026-03-29 12:30:22,578 [INFO] MainUpdater:289 - Updater Check For Update Now.
2026-03-29 12:30:22,578 [INFO] MicroXplorer:498 - Change Database Version : DB.6.0.150
2026-03-29 12:30:22,584 [INFO] McuFinderGlobals:63 - Set McuFinder mode to 2 (CubeIDE integrated)
2026-03-29 12:30:22,585 [INFO] UserAuth:487 - Internet connection configuration mode: 1
2026-03-29 12:30:22,603 [INFO] JxBrowserEngine:152 - Initiate JxBrowser Engine with user profile folder
2026-03-29 12:30:22,729 [INFO] ServerAccessManage:452 - Complete download http(s) 200
2026-03-29 12:30:22,734 [INFO] ServerAccessManage:509 - Download File updaters.zip
2026-03-29 12:30:22,738 [WARN] MainUpdater:1193 - Updater busy. Cannot search thirdparties
2026-03-29 12:30:22,738 [INFO] ThirdPartyUpdaterWithRetryManager:96 - Updater plugin is busy. [1/15]
2026-03-29 12:30:22,863 [INFO] FileExtend:248 - Unzip File : updaters.zip
2026-03-29 12:30:22,863 [INFO] FileExtend:263 - Standard Zip Deflate
2026-03-29 12:30:23,139 [INFO] ServerAccessManage:452 - Complete download http(s) 200
2026-03-29 12:30:23,140 [INFO] ServerAccessManage:509 - Download File PacksControlFlags.xml
2026-03-29 12:30:23,302 [INFO] ServerAccessManage:452 - Complete download http(s) 200
2026-03-29 12:30:23,302 [INFO] ServerAccessManage:509 - Download File cubemx.pidx
2026-03-29 12:30:23,486 [INFO] LoadServerUpdatesThread:375 - End of LoadServerUpdate Thread
2026-03-29 12:30:23,670 [INFO] CheckServerUpdateThread:120 - End of CheckServer Thread
2026-03-29 12:30:26,029 [WARN] PackLoader:240 - Cannot read IP mode file for STMicroelectronics.X-CUBE-AZRTOS-H7.3.5.0
2026-03-29 12:30:26,075 [WARN] PackLoader:240 - Cannot read IP mode file for STMicroelectronics.FP-SNS-MOTENVWB1.1.4.0
2026-03-29 12:30:26,096 [WARN] PackLoader:240 - Cannot read IP mode file for STMicroelectronics.FP-ATR-ASTRA1.2.0.2
2026-03-29 12:30:26,108 [WARN] PackLoader:240 - Cannot read IP mode file for STMicroelectronics.X-CUBE-SMBUS.2.1.0
2026-03-29 12:30:26,118 [WARN] PackLoader:240 - Cannot read IP mode file for STMicroelectronics.X-CUBE-ST60.1.0.0
2026-03-29 12:30:26,149 [WARN] PackLoader:240 - Cannot read IP mode file for STMicroelectronics.X-CUBE-AZRTOS-F7.1.1.0
2026-03-29 12:30:26,165 [WARN] PackLoader:240 - Cannot read IP mode file for STMicroelectronics.FP-SNS-MOTENV1.5.1.0
2026-03-29 12:30:26,230 [WARN] PackLoader:240 - Cannot read IP mode file for Infineon.AIROC-Wi-Fi-Bluetooth-STM32.1.7.0
2026-03-29 12:30:26,345 [WARN] PackLoader:240 - Cannot read IP mode file for STMicroelectronics.X-CUBE-AZRTOS-H7.3.4.0
2026-03-29 12:30:26,391 [WARN] PackLoader:240 - Cannot read IP mode file for STMicroelectronics.X-CUBE-DISPLAY.3.0.0
2026-03-29 12:30:26,403 [WARN] PackLoader:240 - Cannot read IP mode file for STMicroelectronics.FP-SNS-MOTENVWB1.1.5.0
2026-03-29 12:30:26,421 [WARN] PackLoader:240 - Cannot read IP mode file for STMicroelectronics.X-CUBE-NFC10.1.0.0
2026-03-29 12:30:26,464 [WARN] PackLoader:240 - Cannot read IP mode file for STMicroelectronics.X-CUBE-BLEMGR.4.0.0
2026-03-29 12:30:26,489 [WARN] PackLoader:240 - Cannot read IP mode file for STMicroelectronics.X-CUBE-ST60.1.1.0
2026-03-29 12:30:26,498 [WARN] PackLoader:240 - Cannot read IP mode file for emotas.I-CUBE-CANOPEN.1.3.0
2026-03-29 12:30:26,507 [WARN] PackLoader:240 - Cannot read IP mode file for STMicroelectronics.X-CUBE-GNSS1.7.1.0
2026-03-29 12:30:26,518 [WARN] ConditionMgr:438 - getConditionDescription Invalid condition id : Cortex-A Device cause : null
2026-03-29 12:30:26,542 [WARN] ConditionMgr:1044 - genDependencies : Invalid condition id : Cortex-A Device cause : null
2026-03-29 12:30:26,542 [WARN] ConditionMgr:1044 - genDependencies : Invalid condition id : Cortex-A Device cause : null
2026-03-29 12:30:26,543 [WARN] ConditionMgr:1044 - genDependencies : Invalid condition id : Cortex-A Device cause : null
2026-03-29 12:30:26,555 [WARN] PackLoader:240 - Cannot read IP mode file for STMicroelectronics.FP-SNS-STBOX1.2.1.0
2026-03-29 12:30:26,562 [WARN] PackLoader:240 - Cannot read IP mode file for STMicroelectronics.FP-SNS-SMARTAG2.1.2.0
2026-03-29 12:30:26,566 [WARN] PackLoader:240 - Cannot read IP mode file for STMicroelectronics.FP-SNS-FLIGHT1.5.1.0
2026-03-29 12:30:26,577 [INFO] LogOutputStream:77 - [STDOUT_REDIRECT] 1 : Invalid condition id : UX_CORESTACK_Condition cause : null
2026-03-29 12:30:26,582 [INFO] LogOutputStream:77 - [STDOUT_REDIRECT] 1 : Invalid condition id : UX_CORESTACK_Condition cause : null
2026-03-29 12:30:26,583 [INFO] LogOutputStream:77 - [STDOUT_REDIRECT] 1 : Invalid condition id : UX_CORESTACK_Condition cause : null
2026-03-29 12:30:26,583 [INFO] LogOutputStream:77 - [STDOUT_REDIRECT] 1 : Invalid condition id : UX_CORESTACK_Condition cause : null
2026-03-29 12:30:26,583 [INFO] LogOutputStream:77 - [STDOUT_REDIRECT] 1 : Invalid condition id : UX_CORESTACK_Condition cause : null
2026-03-29 12:30:26,590 [WARN] PackLoader:240 - Cannot read IP mode file for STMicroelectronics.X-CUBE-AZRTOS-WL.2.0.0
2026-03-29 12:30:26,597 [WARN] PackLoader:240 - Cannot read IP mode file for STMicroelectronics.FP-SNS-MOTENV1.5.0.0
2026-03-29 12:30:26,623 [WARN] PackLoader:240 - Cannot read IP mode file for STMicroelectronics.X-CUBE-AZRTOS-H7RS.1.2.0
2026-03-29 12:30:26,641 [WARN] PackLoader:240 - Cannot read IP mode file for WES.I-CUBE-Cesium.1.3.0
2026-03-29 12:30:26,646 [WARN] PackLoader:240 - Cannot read IP mode file for STMicroelectronics.X-CUBE-BLE2.3.3.0
2026-03-29 12:30:26,676 [WARN] PackLoader:240 - Cannot read IP mode file for STMicroelectronics.X-CUBE-NFC9.1.0.0
2026-03-29 12:30:26,683 [WARN] PackLoader:240 - Cannot read IP mode file for wolfSSL.I-CUBE-wolfSSL.5.8.0
2026-03-29 12:30:26,696 [WARN] PackLoader:240 - Cannot read IP mode file for STMicroelectronics.X-CUBE-BLE1.7.1.0
2026-03-29 12:30:26,703 [WARN] PackLoader:240 - Cannot read IP mode file for wolfSSL.I-CUBE-wolfMQTT.1.19.2
2026-03-29 12:30:26,718 [WARN] PackLoader:240 - Cannot read IP mode file for STMicroelectronics.X-CUBE-FREERTOS.1.4.0
2026-03-29 12:30:26,726 [WARN] PackLoader:240 - Cannot read IP mode file for STMicroelectronics.X-CUBE-EEPRMA1.5.2.0
2026-03-29 12:30:26,737 [WARN] PackLoader:240 - Cannot read IP mode file for STMicroelectronics.X-CUBE-ST67W61.1.1.0
2026-03-29 12:30:26,743 [WARN] PackLoader:240 - Cannot read IP mode file for STMicroelectronics.X-CUBE-AI.10.1.0
2026-03-29 12:30:26,831 [WARN] PackLoader:240 - Cannot read IP mode file for STMicroelectronics.X-CUBE-MEMS1.12.0.0
2026-03-29 12:30:26,977 [WARN] PackLoader:240 - Cannot read IP mode file for STMicroelectronics.X-CUBE-AZRTOS-G0.1.1.0
2026-03-29 12:30:26,999 [WARN] PackLoader:240 - Cannot read IP mode file for STMicroelectronics.X-CUBE-SAFEA1.1.2.2
2026-03-29 12:30:27,013 [WARN] PackLoader:240 - Cannot read IP mode file for STMicroelectronics.X-CUBE-NFC4.3.0.0
2026-03-29 12:30:27,031 [WARN] PackLoader:240 - Cannot read IP mode file for EmbeddedOffice.I-CUBE-FS-RTOS.1.0.1
2026-03-29 12:30:27,040 [WARN] PackLoader:240 - Cannot read IP mode file for STMicroelectronics.X-CUBE-WB05N.2.0.0
2026-03-29 12:30:27,048 [WARN] PackLoader:240 - Cannot read IP mode file for wolfSSL.I-CUBE-wolfTPM.3.8.0
2026-03-29 12:30:27,053 [WARN] PackLoader:240 - Cannot read IP mode file for STMicroelectronics.X-CUBE-TCPP.4.2.0
2026-03-29 12:30:27,059 [WARN] PackLoader:240 - Cannot read IP mode file for RealThread.X-CUBE-RT-Thread_Nano.4.1.1
2026-03-29 12:30:27,062 [WARN] PackLoader:240 - Cannot read IP mode file for STMicroelectronics.FP-ATR-SIGFOX1.3.2.0
2026-03-29 12:30:27,068 [WARN] PackLoader:240 - Cannot read IP mode file for STMicroelectronics.X-CUBE-EEPRMA1.5.1.0
2026-03-29 12:30:27,079 [WARN] PackLoader:240 - Cannot read IP mode file for STMicroelectronics.X-CUBE-FREERTOS.1.5.0
2026-03-29 12:30:27,087 [WARN] PackLoader:240 - Cannot read IP mode file for ITTIA_DB.I-CUBE-ITTIADB.8.9.0
2026-03-29 12:30:27,104 [WARN] PackLoader:240 - Cannot read IP mode file for STMicroelectronics.X-CUBE-NFC6.3.2.0
2026-03-29 12:30:27,116 [WARN] PackLoader:240 - Cannot read IP mode file for STMicroelectronics.X-CUBE-ST67W61.1.0.0
2026-03-29 12:30:27,121 [WARN] PackLoader:240 - Cannot read IP mode file for STMicroelectronics.X-CUBE-AI.10.2.0
2026-03-29 12:30:27,181 [WARN] PackLoader:240 - Cannot read IP mode file for SEGGER.I-CUBE-embOS.1.3.1
2026-03-29 12:30:27,224 [WARN] PackLoader:240 - Cannot read IP mode file for STMicroelectronics.X-CUBE-ALGOBUILD.1.4.0
2026-03-29 12:30:27,309 [WARN] PackLoader:240 - Cannot read IP mode file for STMicroelectronics.X-CUBE-MEMS1.11.3.0
2026-03-29 12:30:27,404 [WARN] PackLoader:240 - Cannot read IP mode file for STMicroelectronics.X-CUBE-PM33A1.1.0.0
2026-03-29 12:30:27,427 [WARN] PackLoader:240 - Cannot read IP mode file for STMicroelectronics.X-CUBE-AZRTOS-F4.1.1.0
2026-03-29 12:30:27,434 [WARN] PackLoader:240 - Cannot read IP mode file for Avnet-IotConnect.X-CUBE-IoTC-DA16k-PMOD.1.0.0
2026-03-29 12:30:27,437 [WARN] PackLoader:240 - Cannot read IP mode file for STMicroelectronics.X-CUBE-ISPU.2.1.0
2026-03-29 12:30:27,452 [WARN] PackLoader:240 - Cannot read IP mode file for STMicroelectronics.X-CUBE-IPS.3.2.0
2026-03-29 12:30:27,467 [WARN] PackLoader:240 - Cannot read IP mode file for STMicroelectronics.X-CUBE-NFC12.1.0.0
2026-03-29 12:30:27,522 [WARN] PackLoader:240 - Cannot read IP mode file for STMicroelectronics.X-CUBE-AZRTOS-L5.2.0.0
2026-03-29 12:30:27,562 [WARN] PackLoader:240 - Cannot read IP mode file for STMicroelectronics.X-CUBE-NFC6.3.1.0
2026-03-29 12:30:27,574 [WARN] PackLoader:240 - Cannot read IP mode file for STMicroelectronics.X-CUBE-FREERTOS.1.3.1
2026-03-29 12:30:27,580 [WARN] PackLoader:240 - Cannot read IP mode file for STMicroelectronics.X-CUBE-TOUCHGFX.4.26.0
2026-03-29 12:30:27,583 [WARN] PackLoader:240 - Cannot read IP mode file for STMicroelectronics.X-CUBE-TOUCHGFX.4.26.1
2026-03-29 12:30:27,588 [WARN] PackLoader:240 - Cannot read IP mode file for STMicroelectronics.FP-SNS-STAIOTCFT.1.0.0
2026-03-29 12:30:27,598 [WARN] PackLoader:240 - Cannot read IP mode file for STMicroelectronics.X-CUBE-DPower.1.3.0
2026-03-29 12:30:27,621 [WARN] ConditionMgr:438 - getConditionDescription Invalid condition id : LAN8742 Phy interface Condition cause : null
2026-03-29 12:30:27,623 [WARN] PackLoader:240 - Cannot read IP mode file for STMicroelectronics.X-CUBE-AZRTOS-L4.2.0.0
2026-03-29 12:30:27,628 [WARN] ConditionMgr:1044 - genDependencies : Invalid condition id : LAN8742 Phy interface Condition cause : null
2026-03-29 12:30:27,629 [WARN] ConditionMgr:1044 - genDependencies : Invalid condition id : LAN8742 Phy interface Condition cause : null
2026-03-29 12:30:27,630 [WARN] ConditionMgr:1044 - genDependencies : Invalid condition id : LAN8742 Phy interface Condition cause : null
2026-03-29 12:30:27,639 [WARN] PackLoader:240 - Cannot read IP mode file for STMicroelectronics.X-CUBE-SFXS2LP1.4.0.0
2026-03-29 12:30:27,649 [WARN] PackLoader:240 - Cannot read IP mode file for STMicroelectronics.X-CUBE-ST67W61.1.2.0
2026-03-29 12:30:27,683 [WARN] PackLoader:240 - Cannot read IP mode file for STMicroelectronics.X-CUBE-AZRTOS-H7.3.3.0
2026-03-29 12:30:27,708 [WARN] PackLoader:240 - Cannot read IP mode file for STMicroelectronics.X-CUBE-BLEMGR.4.1.0
2026-03-29 12:30:27,728 [WARN] ConditionMgr:438 - getConditionDescription Invalid condition id : UX DEVICE CLASS RTOS Condition cause : null
2026-03-29 12:30:27,729 [WARN] ConditionMgr:438 - getConditionDescription Invalid condition id : UX DEVICE CLASS RTOS Condition cause : null
2026-03-29 12:30:27,733 [WARN] PackLoader:240 - Cannot read IP mode file for STMicroelectronics.X-CUBE-AZRTOS-WB.2.0.0
2026-03-29 12:30:27,734 [WARN] ConditionMgr:1044 - genDependencies : Invalid condition id : UX DEVICE CLASS RTOS Condition cause : null
2026-03-29 12:30:27,735 [WARN] ConditionMgr:1044 - genDependencies : Invalid condition id : UX DEVICE CLASS RTOS Condition cause : null
2026-03-29 12:30:27,739 [WARN] ConditionMgr:1044 - genDependencies : Invalid condition id : UX DEVICE CLASS RTOS Condition cause : null
2026-03-29 12:30:27,740 [WARN] ConditionMgr:1044 - genDependencies : Invalid condition id : UX DEVICE CLASS RTOS Condition cause : null
2026-03-29 12:30:27,740 [WARN] ConditionMgr:1044 - genDependencies : Invalid condition id : UX DEVICE CLASS RTOS Condition cause : null
2026-03-29 12:30:27,748 [WARN] PackLoader:240 - Cannot read IP mode file for STMicroelectronics.X-CUBE-GNSS1.7.0.1
2026-03-29 12:30:27,754 [WARN] PackLoader:240 - Cannot read IP mode file for STMicroelectronics.X-CUBE-TOUCHGFX.4.25.0
2026-03-29 12:30:27,761 [WARN] PackLoader:240 - Cannot read IP mode file for STMicroelectronics.FP-SNS-STBOX1.2.0.0
2026-03-29 12:30:27,776 [WARN] PackLoader:240 - Cannot read IP mode file for STMicroelectronics.X-CUBE-STSE01.2.0.0
2026-03-29 12:30:27,790 [WARN] PackLoader:240 - Cannot read IP mode file for STMicroelectronics.X-CUBE-SUBG2.5.0.0
2026-03-29 12:30:27,830 [WARN] PackLoader:240 - Cannot read IP mode file for STMicroelectronics.X-CUBE-AZRTOS-H7RS.1.1.0
2026-03-29 12:30:27,845 [WARN] PackLoader:240 - Cannot read IP mode file for Cesanta.I-CUBE-Mongoose.7.13.0
2026-03-29 12:30:27,861 [WARN] PackLoader:240 - Cannot read IP mode file for STMicroelectronics.X-CUBE-AZRTOS-G4.2.0.0
2026-03-29 12:30:27,867 [WARN] PackLoader:240 - Cannot read IP mode file for wolfSSL.I-CUBE-wolfSSH.1.4.20
2026-03-29 12:30:27,871 [WARN] PackLoader:240 - Cannot read IP mode file for STMicroelectronics.X-CUBE-NFC7.2.0.0
2026-03-29 12:30:27,884 [WARN] PackLoader:240 - Cannot read IP mode file for STMicroelectronics.X-CUBE-IPS.3.1.0
2026-03-29 12:30:27,892 [WARN] PackLoader:240 - Cannot read IP mode file for STMicroelectronics.X-CUBE-ALS.1.0.2
2026-03-29 12:30:27,899 [WARN] PackLoader:240 - Cannot read IP mode file for STMicroelectronics.X-CUBE-STSE01.1.0.0
2026-03-29 12:30:27,906 [WARN] PackLoader:240 - Cannot read IP mode file for portGmbH.I-Cube-SoM-uGOAL.1.1.0
2026-03-29 12:30:27,920 [WARN] PackLoader:240 - Cannot read IP mode file for STMicroelectronics.X-CUBE-TOF1.3.4.3
2026-03-29 12:30:27,930 [INFO] ThirdParty:978 - Integrity check success = true
2026-03-29 12:30:27,930 [INFO] IntegrityCheckThread:100 - exiting critical section [integrity check]
2026-03-29 12:30:27,930 [INFO] IntegrityCheckThread:103 - End integrity checks thread
2026-03-29 12:30:29,074 [INFO] WebApp:169 - Instantiating new browser for Auth
2026-03-29 12:30:31,504 [INFO] WebApp:463 - Apply proxy settings
2026-03-29 12:30:31,509 [INFO] WebApp:508 - Chromium authenticates against Manually configured proxy
2026-03-29 12:30:31,527 [INFO] WebApp:516 - Username used for proxy authentication: 
2026-03-29 12:30:31,617 [INFO] WebApp:900 - Register for checkConnection events
2026-03-29 12:30:31,617 [INFO] WebApp:463 - Apply proxy settings
2026-03-29 12:30:31,619 [INFO] WebApp:508 - Chromium authenticates against Manually configured proxy
2026-03-29 12:30:31,620 [INFO] WebApp:516 - Username used for proxy authentication: 
2026-03-29 12:30:31,798 [INFO] WebApp:225 - Starting web application
2026-03-29 12:30:31,798 [INFO] WebApp:593 - Web application path used /Applications/STM32CubeIDE.app/Contents/Eclipse/plugins/com.st.stm32cube.common.mx_6.15.0.202507011659/db/plugins/mcufinder/reactClient1/index.html
2026-03-29 12:30:32,186 [INFO] UserAuth:487 - Internet connection configuration mode: 1
2026-03-29 12:30:32,506 [INFO] WebApp:191 - Connection restablished
